// Jest Snapshot v1, https://goo.gl/fbAQLP

exports[`<Footer /> should render and match the snapshot 1`] = `
<footer
  className="Wrapper-wcfdfo-0 dPvBog"
>
  <section>
    <span>
      This project is licensed under the MIT license.
    </span>
  </section>
  <section>
    <span>
      
      Made with love by 
      <a
        className="A-br8h0y-0 dwVNvo"
        href="www.gabriela-balicas.me"
      >
        Gabriela Balicas
      </a>
      .
    
    </span>
  </section>
</footer>
`;
